E:\Program Files\Microsoft Visual Studio\2022\Community\MSBuild\Microsoft\VC\v170\Microsoft.CppBuild.targets(524,5): warning MSB8004: o diretório Output não termina com uma barra à direita. Essa instância de compilação adicionará a barra conforme necessário para permitir a avaliação adequada do Diretório Output.
  stdafx.cpp
  CCRC32.Cpp
  Math.cpp
  380ItemOption.cpp
  380ItemType.cpp
  ArcaBattle.cpp
  Attack.cpp
  BattleGround.cpp
  BattleSoccer.cpp
  BattleSoccerManager.cpp
  BloodCastle.cpp
  BonusManager.cpp
  BotBuffer.cpp
  CannonTower.cpp
  CashShop.cpp
  CastleDeep.cpp
  CastleSiege.cpp
  CastleSiegeCrown.cpp
  CastleSiegeCrownSwitch.cpp
  CastleSiegeSync.cpp
  CastleSiegeWeapon.cpp
  Compilando...
  CEventName.cpp
  CGMEarringManager.cpp
  CGMFlagNatManager.cpp
  CGMHardwareId.cpp
  CGMPetManager.cpp
  ChaosBox.cpp
  ChaosCastle.cpp
  CharacterAdvance.cpp
  ChatManager.cpp
  CMixGoblinExpansion.cpp
  ComboSkill.cpp
  Command.cpp
  CommandManager.cpp
  Connection.cpp
  CriticalSection.cpp
  Crywolf.cpp
  CrywolfAltar.cpp
  CrywolfObjInfo.cpp
  CrywolfStateTimeInfo.cpp
  CrywolfStatue.cpp
  Compilando...
  CrywolfSync.cpp
  CrywolfUtil.cpp
  CSProtocol.cpp
  CustomArena.cpp
  CustomAttack.cpp
  CustomBuyVip.cpp
  CustomCombo.cpp
  CustomCommandDescription.cpp
  CustomDeathMessage.cpp
  CustomEventDrop.cpp
  CustomEventTime.cpp
  CustomExchangeCoin.cpp
  CustomJewel.cpp
  CustomMix.cpp
  CustomMonster.cpp
  CustomMove.cpp
  CustomNpcCollector.cpp
  CustomNpcCommand.cpp
  CustomNpcMove.cpp
  CustomNpcQuest.cpp
  Compilando...
  CustomOnlineLottery.cpp
  CustomPick.cpp
  CustomQuest.cpp
  CustomQuiz.cpp
  CustomRanking.cpp
  CustomRankUser.cpp
  CustomStartItem.cpp
  CustomStore.cpp
  CustomTop.cpp
  CustomWing.cpp
  CustomWingMix.cpp
  DarkSpirit.cpp
  DefaultClassInfo.cpp
  DevilSquare.cpp
  DoubleGoer.cpp
  DSProtocol.cpp
  Duel.cpp
  Effect.cpp
  EffectManager.cpp
  ESProtocol.cpp
  Compilando...
  EventFindPath.cpp
  EventGvG.cpp
  EventHideAndSeek.cpp
  EventInventory.cpp
  EventKillAll.cpp
  EventPvP.cpp
  EventQuickly.cpp
  EventRunAndCatch.cpp
  EventRussianRoulette.cpp
  EventStart.cpp
  EventTvT.cpp
  ExperienceTable.cpp
  Filter.cpp
  FilterRaname.cpp
  Fruit.cpp
  GameMain.cpp
  GameMaster.cpp
  GameServer.cpp
  Gate.cpp
  GensSystem.cpp
  Compilando...
  GMHolyItem.cpp
  GuardianStatue.cpp
D:\MuCrossEngine\MuBackend\Source\GameServer\GameServer\GMHolyItem.cpp(203,25): warning C4267: '=': conversão de 'size_t' para 'BYTE', possível perda de dados
  (compilando o arquivo fonte '/GMHolyItem.cpp')
  
  Guild.cpp
  GuildClass.cpp
  GuildMatching.cpp
  HackCheck.cpp
  HackPacketCheck.cpp
  HackSkillCheck.cpp
  Helper.cpp
  IllusionTemple.cpp
  ImperialGuardian.cpp
  InvasionManager.cpp
  InventoryEquipment.cpp
  IpManager.cpp
  Item.cpp
D:\MuCrossEngine\MuBackend\Source\GameServer\GameServer\Item.cpp(1185,26): warning C4334: '<<': resultado de 32-bit shift convertido implicitamente para 64 bits (64-bit shift era pretendido?)
  (compilando o arquivo fonte '/Item.cpp')
  
  ItemBag.cpp
  ItemBagEx.cpp
  ItemBagManager.cpp
  ItemDrop.cpp
  ItemManager.cpp
  Compilando...
  ItemMove.cpp
  ItemOption.cpp
  ItemOptionRate.cpp
  ItemStack.cpp
  ItemValue.cpp
  ItemValueTrade.cpp
  JewelMix.cpp
  JewelOfHarmonyOption.cpp
  JewelOfHarmonyType.cpp
  JSProtocol.cpp
  Kalima.cpp
  Kanturu.cpp
  KanturuBattleOfMaya.cpp
  KanturuBattleOfNightmare.cpp
  KanturuBattleStanby.cpp
  KanturuBattleUserMng.cpp
  KanturuEntranceNPC.cpp
  KanturuMaya.cpp
  KanturuMonsterMng.cpp
  KanturuObjInfo.cpp
  Compilando...
  KanturuStateInfo.cpp
  KanturuTowerOfRefinement.cpp
  KanturuUtil.cpp
  LifeStone.cpp
  Log.cpp
  LuckyCoin.cpp
  LuckyItem.cpp
  Map.cpp
  MapItem.cpp
  MapManager.cpp
  MapPath.cpp
  MapServerManager.cpp
  MasterResetTable.cpp
  MasterSkillTree.cpp
  MemoryAllocator.cpp
  MemoryAllocatorInfo.cpp
  MemScript.cpp
  Mercenary.cpp
  Message.cpp
  MiniDump.cpp
  Compilando...
  MiniMap.cpp
  MiningSystem.cpp
  Monster.cpp
  MonsterAI.cpp
  MonsterAIAgro.cpp
  MonsterAIAutomata.cpp
  MonsterAIAutomataInfo.cpp
  MonsterAIElement.cpp
  MonsterAIElementInfo.cpp
  MonsterAIGroup.cpp
  MonsterAIGroupMember.cpp
  MonsterAIMovePath.cpp
  MonsterAIMovePathInfo.cpp
  MonsterAIRule.cpp
  MonsterAIRuleInfo.cpp
  MonsterAIState.cpp
  MonsterAIUnit.cpp
  MonsterAIUnitInfo.cpp
  MonsterAIUtil.cpp
  MonsterManager.cpp
  Compilando...
  MonsterSetBase.cpp
  MonsterSkillElement.cpp
  MonsterSkillElementInfo.cpp
  MonsterSkillElementOption.cpp
  MonsterSkillInfo.cpp
  MonsterSkillManager.cpp
  MonsterSkillUnit.cpp
  MonsterSkillUnitInfo.cpp
  MossMerchant.cpp
  Move.cpp
  MoveSummon.cpp
  ConsoleDebug.cpp
  MultiLanguage.cpp
  MuRummy.cpp
  MuunSystem.cpp
  Notice.cpp
  NpcTalk.cpp
  ObjectManager.cpp
  PacketManager.cpp
  Party.cpp
  Compilando...
  PartyMatching.cpp
  Path.cpp
  PcPoint.cpp
  PentagramSystem.cpp
  PersonalShop.cpp
  Protect.cpp
  Protocol.cpp
  pugixml.cpp
  Quest.cpp
  QuestObjective.cpp
  QuestReward.cpp
  QuestWorld.cpp
  QuestWorldObjective.cpp
  QuestWorldReward.cpp
  Queue.cpp
  QueueTimer.cpp
  Raklion.cpp
  RaklionBattleOfSelupan.cpp
  RaklionBattleUser.cpp
  RaklionBattleUserMng.cpp
  Compilando...
  RaklionObjInfo.cpp
  RaklionSelupan.cpp
  RaklionUtil.cpp
  RandomManager.cpp
  Reconnect.cpp
  ReiDoMu.cpp
  ResetTable.cpp
  ScheduleManager.cpp
  SerialCheck.cpp
  ServerDisplayer.cpp
  ServerInfo.cpp
  SetItemOption.cpp
  SetItemType.cpp
  Shop.cpp
  ShopManager.cpp
  Skill.cpp
  SkillDamage.cpp
  SkillHitBox.cpp
  SkillManager.cpp
  SocketItemOption.cpp
  Compilando...
  SocketItemType.cpp
  SocketManager.cpp
  SocketManagerUdp.cpp
  SummonScroll.cpp
  MyTimer.cpp
  Trade.cpp
  Union.cpp
  UnionInfo.cpp
  User.cpp
  Util.cpp
  Viewport.cpp
  Warehouse.cpp
  WindowsConsole.cpp
  Gerando código
  Previous IPDB not found, fall back to full compilation.
  All 14899 functions were compiled because no usable IPDB/IOBJ from previous compilation was found.
  Finalizada a geração de código
  GameServer.vcxproj -> D:\MuCrossEngine\MuBackend\Source\GameServer\Release\GameServer_EX603\GameServer.exe
  'pwsh.exe' não é reconhecido como um comando interno
  ou externo, um programa operável ou um arquivo em lotes.
